../Core/Src/ks0713.c:18:6:ks0713_init	8	static
../Core/Src/ks0713.c:48:6:LCD_DemoMode	16	static
../Core/Src/ks0713.c:98:6:LCD_DisplayPicture2	24	static
../Core/Src/ks0713.c:130:6:LCD_RandomPixel	16	static
../Core/Src/ks0713.c:155:6:LCD_TestPixel	24	static
../Core/Src/ks0713.c:185:6:LCD_Clear	16	static
../Core/Src/ks0713.c:203:6:LCD_Fill	16	static
../Core/Src/ks0713.c:221:6:LCD_DrawHLine	24	static
../Core/Src/ks0713.c:236:6:LCD_DrawVLine	80	static
../Core/Src/ks0713.c:266:6:LCD_DrawRectangle	24	static
../Core/Src/ks0713.c:280:6:LCD_DisplayPicture	24	static
../Core/Src/ks0713.c:302:6:ks0713_WritePixel	24	static
../Core/Src/ks0713.c:335:6:ks0713_WriteBytePixel	16	static
../Core/Src/ks0713.c:347:6:LCD_WriteFont	24	static
../Core/Src/ks0713.c:363:6:LCD_ShowString	24	static
../Core/Src/ks0713.c:379:10:LCD_DisplayChar	16	static
../Core/Src/ks0713.c:488:6:LCD_ReverseMode	8	static
../Core/Src/ks0713.c:498:6:LCD_NormalMode	8	static
../Core/Src/ks0713.c:508:6:ks0713_WriteData	16	static
../Core/Src/ks0713.c:521:6:ks0713_WriteCommand	16	static
../Core/Src/ks0713.c:535:6:LCD_Gotoxy	24	static
../Core/Src/ks0713.c:552:6:SPI_Write	24	static
../Core/Src/ks0713.c:569:6:SPI_Error	8	static
../Core/Src/ks0713.c:581:6:LCD_IO_Init	8	static
../Core/Src/ks0713.c:595:6:LCD_Delay	16	static
